// Jest Snapshot v1, https://goo.gl/fbAQLP

exports[`Render Login page 1`] = `
<main
  className="MuiGrid-root makeStyles-root-1 MuiGrid-container"
>
  <div
    className="MuiGrid-root makeStyles-image-2 MuiGrid-item MuiGrid-grid-sm-4 MuiGrid-grid-md-7"
  />
  <div
    className="MuiPaper-root MuiGrid-root makeStyles-formContainer-7 MuiGrid-item MuiGrid-grid-xs-12 MuiGrid-grid-sm-8 MuiGrid-grid-md-5 MuiPaper-elevation6"
  >
    <div
      className="makeStyles-paper-3"
    >
      <div
        className="MuiAvatar-root MuiAvatar-circle makeStyles-avatar-4 MuiAvatar-colorDefault"
      >
        <svg
          aria-hidden={true}
          className="MuiSvgIcon-root"
          focusable="false"
          viewBox="0 0 24 24"
        >
          <path
            d="M18 8h-1V6c0-2.76-2.24-5-5-5S7 3.24 7 6v2H6c-1.1 0-2 .9-2 2v10c0 1.1.9 2 2 2h12c1.1 0 2-.9 2-2V10c0-1.1-.9-2-2-2zM9 6c0-1.66 1.34-3 3-3s3 1.34 3 3v2H9V6zm9 14H6V10h12v10zm-6-3c1.1 0 2-.9 2-2s-.9-2-2-2-2 .9-2 2 .9 2 2 2z"
          />
        </svg>
      </div>
      <h1
        className="MuiTypography-root MuiTypography-h5"
      >
        Agenda Tracker
      </h1>
      <button
        className="MuiButtonBase-root MuiButton-root MuiButton-contained makeStyles-submit-6 MuiButton-containedPrimary MuiButton-fullWidth"
        disabled={false}
        onBlur={[Function]}
        onClick={[Function]}
        onDragLeave={[Function]}
        onFocus={[Function]}
        onKeyDown={[Function]}
        onKeyUp={[Function]}
        onMouseDown={[Function]}
        onMouseLeave={[Function]}
        onMouseUp={[Function]}
        onTouchEnd={[Function]}
        onTouchMove={[Function]}
        onTouchStart={[Function]}
        tabIndex={0}
        type="submit"
      >
        <span
          className="MuiButton-label"
        >
          Login w/ Google
        </span>
      </button>
      <div
        className="MuiBox-root MuiBox-root-8"
      >
        <p
          className="MuiTypography-root MuiTypography-body2 MuiTypography-colorTextSecondary MuiTypography-alignCenter"
        >
          Copyright Â© 
          <a
            className="MuiTypography-root MuiLink-root MuiLink-underlineHover MuiTypography-colorInherit"
            href="https://reireynoso.github.io/#/"
            onBlur={[Function]}
            onFocus={[Function]}
            rel="noopener"
            target="_blank"
          >
            reiReynoso
          </a>
           
          2020
          .
        </p>
      </div>
    </div>
  </div>
</main>
`;
